printf 'enventory:';
printf ' +envVarName01';
export envVarName01=envVarValue01;
echo;
