Created env: &domain.Env{Name:"env_name", Comment:"", CreateTime:time.Date(1, time.January, 1, 0, 0, 0, 0, time.UTC), UpdateTime:time.Date(1, time.January, 1, 0, 0, 0, 0, time.UTC)}
