╭────────────┬────────────────╮
│ EnvName    │ envName01      │
│ Name       │ envVarName01   │
│ Value      │ value          │
│ Comment    │                │
│ CreateTime │ Mon 0001-01-01 │
│ UpdateTime │ Mon 0001-01-01 │
╰────────────┴────────────────╯
