Env
╭────────────┬────────────────╮
│ Name       │ env_name       │
│ Comment    │                │
│ CreateTime │ Mon 0001-01-01 │
│ UpdateTime │ Mon 0001-01-01 │
╰────────────┴────────────────╯
Vars
╭─────────┬───────╮
│ Name    │ key   │
│ Value   │ value │
│ Comment │       │
╰─────────┴───────╯
