Env
╭────────────┬────────────────╮
│ Name       │ e2             │
│ Comment    │                │
│ CreateTime │ Mon 0001-01-01 │
│ UpdateTime │ Mon 0001-01-01 │
╰────────────┴────────────────╯
Vars
╭─────────┬─────╮
│ Name    │ NEW │
│ Value   │ NEW │
│ Comment │ NEW │
├─────────┼─────┤
│ Name    │ v2  │
│ Value   │ val │
│ Comment │     │
├─────────┼─────┤
│ Name    │ v3  │
│ Value   │ val │
│ Comment │     │
╰─────────┴─────╯
