Env
╭────────────┬────────────────╮
│ Name       │ envName01      │
│ CreateTime │ Mon 0001-01-01 │
╰────────────┴────────────────╯
Vars
╭───────┬──────────────╮
│ Name  │ envVarName01 │
│ Value │ value        │
╰───────┴──────────────╯
