Env
╭────────────┬────────────────╮
│ Name       │ e1             │
│ Comment    │                │
│ CreateTime │ Mon 0001-01-01 │
│ UpdateTime │ Mon 0001-01-01 │
╰────────────┴────────────────╯
Vars
╭─────────┬─────╮
│ Name    │ v2  │
│ Value   │ val │
│ Comment │     │
╰─────────┴─────╯
