printf 'envelope:';
printf ' -envVarName01';
unset envVarName01;
echo;
