╭────────────┬────────────────╮
│ Name       │ envName01      │
│ Comment    │                │
│ CreateTime │ Mon 0001-01-01 │
│ UpdateTime │ Mon 0001-01-01 │
╰────────────┴────────────────╯
