Env
╭────────────┬────────────────╮
│ Name       │ envName01      │
│ CreateTime │ Mon 0001-01-01 │
╰────────────┴────────────────╯
Vars
╭───────┬──────────────╮
│ Name  │ envVarName01 │
│ Value │ value        │
╰───────┴──────────────╯
Refs
╭─────────────┬──────────────╮
│ Name        │ envRefName01 │
│ RefEnvName  │ envName01    │
│ RefVarName  │ envVarName01 │
│ RefVarValue │ value        │
╰─────────────┴──────────────╯
