Env
╭────────────┬────────────────╮
│ Name       │ new_name       │
│ Comment    │ a comment      │
│ CreateTime │ Mon 0001-01-01 │
╰────────────┴────────────────╯
