╭─────────────┬────────────────╮
│ EnvName     │ envName02      │
│ Name        │ envRefName01   │
│ RefEnvName  │ envName01      │
│ RefVarName  │ envVarName01   │
│ RefVarValue │ val01          │
│ Comment     │                │
│ CreateTime  │ Mon 0001-01-01 │
│ UpdateTime  │ Mon 0001-01-01 │
╰─────────────┴────────────────╯
