Env
╭────────────┬────────────────╮
│ Name       │ envName02      │
│ CreateTime │ Mon 0001-01-01 │
╰────────────┴────────────────╯
Refs
╭─────────────┬──────────────╮
│ Name        │ envRefName01 │
│ RefEnvName  │ envName01    │
│ RefVarName  │ envVarName01 │
│ RefVarValue │ val01        │
╰─────────────┴──────────────╯
