Env
╭────────────┬────────────────╮
│ Name       │ e2             │
│ CreateTime │ Mon 0001-01-01 │
╰────────────┴────────────────╯
Vars
╭─────────┬─────╮
│ Name    │ NEW │
│ Value   │ NEW │
│ Comment │ NEW │
├─────────┼─────┤
│ Name    │ v2  │
│ Value   │ val │
├─────────┼─────┤
│ Name    │ v3  │
│ Value   │ val │
╰─────────┴─────╯
